[www.zdnet.com/article/ibm-blockchain-to-help-prevent-contamination-in-global-food-supply-chain/index.html]
[backblue.gif]
[fade.gif]
[index.html]
[zdnet4.cbsistatic.com/fly/css/core/main-92b99b07b2-rev.css]
[zdnet3.cbsistatic.com/fly/bundles/zdnetjs/js/libs/mpulse-1.0.2.js]
[zdnet3.cbsistatic.com/fly/bundles/zdnetcss/images/logos/logo-192x192.png]
[zdnet2.cbsistatic.com/hub/i/r/2015/09/01/3df21dcf-ace1-43ea-a874-ea06aaddd482/thumbnail/40x40/2e7aa98761b67de1e88eac496d2ae40e/asha-barbaschow-140-105.jpg]
[zdnet4.cbsistatic.com/hub/i/r/2017/08/22/05e833ee-60e7-4417-a79c-8ec1130db3c0/thumbnail/170x128/3455102ac5ae216b0132a48787f88bed/brainwavefpga.jpg]
[zdnet3.cbsistatic.com/hub/i/r/2015/02/24/064d4ce8-e5cf-4808-ba82-e1fee6108940/thumbnail/170x128/6d9b73cb254ab4214721fb867e18f402/sikka-one.jpg]
[zdnet4.cbsistatic.com/hub/i/r/2017/08/22/b45a6a40-082a-4ab8-a607-9d94424db59e/thumbnail/170x128/a563aca718bc83f4a6befe3c62243b70/trex-jaws.jpg]
[zdnet3.cbsistatic.com/fly/js/libs/require-2.1.2.js]
[zdnet1.cbsistatic.com/hub/i/r/2017/08/22/35114cd0-4352-4b11-a5cf-74faf37762c9/thumbnail/170x128/4792a69c6fce5b1068d58849b9f0a4bb/skytap.jpg]
[js.indexww.com/ht/ls-zdnet.js]
[ps.ns-cdn.com/dsatserving2/scripts/netseerads.js]
[www.zdnet.com/article/ibm-blockchain-to-help-prevent-contamination-in-global-food-supply-chain/index.html]
[zdnet3.cbsistatic.com/hub/i/r/2017/08/23/44473a68-bbdf-46da-b132-176ce7ea29af/thumbnail/770x578/b8a94a7fea23a712a0be2e199ec6c41b/ibm-blockchain.jpg]
[zdnet4.cbsistatic.com/fly/1503022043-fly/bundles/zdnetcss/images/ads/advertisement.png]
[zdnet1.cbsistatic.com/fly/1503022043-fly/bundles/zdnetcss/images/ads/icon-collapse.png]
[zdnet3.cbsistatic.com/fly/1503022043-fly/bundles/zdnetcss/images/ads/icon-expand.png]
[zdnet1.cbsistatic.com/fly/1503022043-fly/bundles/zdnetcss/images/core/mp-bg.gif]
[zdnet2.cbsistatic.com/fly/1503022043-fly/bundles/zdnetcss/images/icons-white/facebook.png]
[zdnet3.cbsistatic.com/fly/1503022043-fly/bundles/zdnetcss/images/icons-white/linkedin.png]
[zdnet4.cbsistatic.com/fly/1503022043-fly/bundles/zdnetcss/images/ads/brand-logo-sprite-7-5.gif]
[zdnet1.cbsistatic.com/fly/1503022043-fly/bundles/zdnetcss/images/logos/ZDLogoMicroRed-x2.png]
[zdnet1.cbsistatic.com/fly/1503022043-fly/bundles/zdnetcss/images/logos/ring.gif]
[zdnet4.cbsistatic.com/fly/1503022043-fly/bundles/zdnetcss/images/features/debate/bkg-hrz-dotted-line.gif]
[zdnet4.cbsistatic.com/fly/1503022043-fly/bundles/zdnetcss/images/features/debate/bkg-view-8.png]
[zdnet3.cbsistatic.com/fly/1503022043-fly/bundles/zdnetcss/images/logos/ZDLogoMicroWhite-x2.png]
[zdnet3.cbsistatic.com/fly/1503022043-fly/bundles/zdnetcss/images/core/multiplexer-header.png]
[zdnet3.cbsistatic.com/fly/1503022043-fly/bundles/zdnetcss/images/core/question-mark.png]
[zdnet2.cbsistatic.com/fly/1503022043-fly/bundles/zdnetcss/images/core/multiplexer-header-2x.png]
[zdnet2.cbsistatic.com/fly/1503022043-fly/bundles/zdnetcss/images/core/question-mark-2x.png]
[zdnet2.cbsistatic.com/fly/1503022043-fly/bundles/zdnetcss/images/features/debate/bkg-debate_post_header.jpg]
[zdnet4.cbsistatic.com/fly/1503022043-fly/bundles/zdnetcss/images/core/mag-red-thin.png]
[native.sharethrough.com/assets/sfp.js]
[zdnet1.cbsistatic.com/fly/1503022043-fly/bundles/zdnetcss/images/author-bio/header.jpg]
[zdnet4.cbsistatic.com/fly/1503022043-fly/bundles/zdnetcss/images/core/smart-city-header-bg.jpg]
[zdnet2.cbsistatic.com/fly/1503022043-fly/bundles/zdnetcss/images/core/sprites.png]
[zdnet3.cbsistatic.com/fly/1503022043-fly/bundles/zdnetcss/images/core/arrow.png]
[zdnet3.cbsistatic.com/fly/1503022043-fly/bundles/zdnetcss/images/core/menu.png]
[zdnet1.cbsistatic.com/fly/1503022043-fly/bundles/zdnetcss/images/features/hub/hub-header-bg.jpg]
[zdnet4.cbsistatic.com/fly/images/core/btn-loader.gif]
[zdnet2.cbsistatic.com/fly/images/sprites/icons-red-sb8eaaf1c68.png]
[zdnet1.cbsistatic.com/fly/images/sprites/icons-red-2x-se37f1b7688.png]
[zdnet4.cbsistatic.com/fly/images/sprites/icons-black-sf4f01937e2.png]
[zdnet1.cbsistatic.com/fly/images/sprites/icons-black-2x-seb714f9f61.png]
[zdnet2.cbsistatic.com/fly/images/sprites/icons-white-s10e75706f2.png]
[zdnet1.cbsistatic.com/fly/images/sprites/icons-white-2x-s4d0af9d1fa.png]
[zdnet2.cbsistatic.com/fly/1503022043-fly/bundles/zdnetcss/images/core/mag-white01.png]
[zdnet4.cbsistatic.com/fly/1503022043-fly/bundles/zdnetcss/images/core/logo.png]
[zdnet3.cbsistatic.com/fly/1503022043-fly/bundles/zdnetcss/images/core/mag-white01-2x.png]
[zdnet4.cbsistatic.com/fly/1503022043-fly/bundles/zdnetcss/images/core/logo-2x.png]
[zdnet2.cbsistatic.com/fly/1503022043-fly/bundles/zdnetcss/images/core/mag.png]
[zdnet4.cbsistatic.com/fly/1503022043-fly/bundles/zdnetcss/images/core/mag-2x.png]
[zdnet1.cbsistatic.com/fly/1503022043-fly/bundles/zdnetcss/images/core/header-divider.png]
[zdnet3.cbsistatic.com/fly/1503022043-fly/bundles/zdnetcss/images/video/playOverlay.png]
[zdnet2.cbsistatic.com/fly/1503022043-fly/bundles/zdnetcss/images/core/maps/continents-430.png]
[zdnet4.cbsistatic.com/fly/css/core/main-92b99b07b2-rev.css]
[zdnet3.cbsistatic.com/fly/bundles/zdnetjs/js/libs/mpulse-1.0.2.js]
[zdnet3.cbsistatic.com/fly/js/libs/require-2.1.2.js]
[ps.ns-cdn.com/dsatserving2/scripts/netseerads.js]
[zdnet4.cbsistatic.com/fly/images/core/btn-loader.html]
[zdnet2.cbsistatic.com/fly/1503022043-fly/bundles/zdnetcss/images/features/buyingcycle/buying-cycle-circle.jpg]
[zdnet1.cbsistatic.com/fly/1503022043-fly/bundles/zdnetcss/images/features/debate/skin-debate.jpg]
[zdnet4.cbsistatic.com/fly/1503022043-fly/bundles/zdnetcss/images/features/nextgen/nextgen-bg.jpg]
[zdnet4.cbsistatic.com/images/features/buyingcycle/buying-cycle-sprites.html]
[www.zdnet.com/article/ibm-blockchain-to-help-prevent-contamination-in-global-food-supply-chain/GET/index.html]
[www.zdnet.com/article/ibm-blockchain-to-help-prevent-contamination-in-global-food-supply-chain/GET/index.html]
